Archive member included to satisfy reference by file (symbol)

C:/ST/STM32CubeIDE_1.15.0/STM32CubeIDE/plugins/com.st.stm32cube.ide.mcu.externaltools.gnu-tools-for-stm32.12.3.rel1.win32_1.0.100.202403111256/tools/bin/../lib/gcc/arm-none-eabi/12.3.1/../../../../arm-none-eabi/lib/thumb/v7-m/nofp\libc_nano.a(libc_a-exit.o)
                              C:/ST/STM32CubeIDE_1.15.0/STM32CubeIDE/plugins/com.st.stm32cube.ide.mcu.externaltools.gnu-tools-for-stm32.12.3.rel1.win32_1.0.100.202403111256/tools/bin/../lib/gcc/arm-none-eabi/12.3.1/../../../../arm-none-eabi/lib/thumb/v7-m/nofp/crt0.o (exit)
C:/ST/STM32CubeIDE_1.15.0/STM32CubeIDE/plugins/com.st.stm32cube.ide.mcu.externaltools.gnu-tools-for-stm32.12.3.rel1.win32_1.0.100.202403111256/tools/bin/../lib/gcc/arm-none-eabi/12.3.1/../../../../arm-none-eabi/lib/thumb/v7-m/nofp\libc_nano.a(libc_a-findfp.o)
                              C:/ST/STM32CubeIDE_1.15.0/STM32CubeIDE/plugins/com.st.stm32cube.ide.mcu.externaltools.gnu-tools-for-stm32.12.3.rel1.win32_1.0.100.202403111256/tools/bin/../lib/gcc/arm-none-eabi/12.3.1/../../../../arm-none-eabi/lib/thumb/v7-m/nofp\libc_nano.a(libc_a-exit.o) (__stdio_exit_handler)
C:/ST/STM32CubeIDE_1.15.0/STM32CubeIDE/plugins/com.st.stm32cube.ide.mcu.externaltools.gnu-tools-for-stm32.12.3.rel1.win32_1.0.100.202403111256/tools/bin/../lib/gcc/arm-none-eabi/12.3.1/../../../../arm-none-eabi/lib/thumb/v7-m/nofp\libc_nano.a(libc_a-fwalk.o)
                              C:/ST/STM32CubeIDE_1.15.0/STM32CubeIDE/plugins/com.st.stm32cube.ide.mcu.externaltools.gnu-tools-for-stm32.12.3.rel1.win32_1.0.100.202403111256/tools/bin/../lib/gcc/arm-none-eabi/12.3.1/../../../../arm-none-eabi/lib/thumb/v7-m/nofp\libc_nano.a(libc_a-findfp.o) (_fwalk_sglue)
C:/ST/STM32CubeIDE_1.15.0/STM32CubeIDE/plugins/com.st.stm32cube.ide.mcu.externaltools.gnu-tools-for-stm32.12.3.rel1.win32_1.0.100.202403111256/tools/bin/../lib/gcc/arm-none-eabi/12.3.1/../../../../arm-none-eabi/lib/thumb/v7-m/nofp\libc_nano.a(libc_a-stdio.o)
                              C:/ST/STM32CubeIDE_1.15.0/STM32CubeIDE/plugins/com.st.stm32cube.ide.mcu.externaltools.gnu-tools-for-stm32.12.3.rel1.win32_1.0.100.202403111256/tools/bin/../lib/gcc/arm-none-eabi/12.3.1/../../../../arm-none-eabi/lib/thumb/v7-m/nofp\libc_nano.a(libc_a-findfp.o) (__sread)
C:/ST/STM32CubeIDE_1.15.0/STM32CubeIDE/plugins/com.st.stm32cube.ide.mcu.externaltools.gnu-tools-for-stm32.12.3.rel1.win32_1.0.100.202403111256/tools/bin/../lib/gcc/arm-none-eabi/12.3.1/../../../../arm-none-eabi/lib/thumb/v7-m/nofp\libc_nano.a(libc_a-memset.o)
                              C:/ST/STM32CubeIDE_1.15.0/STM32CubeIDE/plugins/com.st.stm32cube.ide.mcu.externaltools.gnu-tools-for-stm32.12.3.rel1.win32_1.0.100.202403111256/tools/bin/../lib/gcc/arm-none-eabi/12.3.1/../../../../arm-none-eabi/lib/thumb/v7-m/nofp/crt0.o (memset)
C:/ST/STM32CubeIDE_1.15.0/STM32CubeIDE/plugins/com.st.stm32cube.ide.mcu.externaltools.gnu-tools-for-stm32.12.3.rel1.win32_1.0.100.202403111256/tools/bin/../lib/gcc/arm-none-eabi/12.3.1/../../../../arm-none-eabi/lib/thumb/v7-m/nofp\libc_nano.a(libc_a-closer.o)
                              C:/ST/STM32CubeIDE_1.15.0/STM32CubeIDE/plugins/com.st.stm32cube.ide.mcu.externaltools.gnu-tools-for-stm32.12.3.rel1.win32_1.0.100.202403111256/tools/bin/../lib/gcc/arm-none-eabi/12.3.1/../../../../arm-none-eabi/lib/thumb/v7-m/nofp\libc_nano.a(libc_a-stdio.o) (_close_r)
C:/ST/STM32CubeIDE_1.15.0/STM32CubeIDE/plugins/com.st.stm32cube.ide.mcu.externaltools.gnu-tools-for-stm32.12.3.rel1.win32_1.0.100.202403111256/tools/bin/../lib/gcc/arm-none-eabi/12.3.1/../../../../arm-none-eabi/lib/thumb/v7-m/nofp\libc_nano.a(libc_a-reent.o)
                              C:/ST/STM32CubeIDE_1.15.0/STM32CubeIDE/plugins/com.st.stm32cube.ide.mcu.externaltools.gnu-tools-for-stm32.12.3.rel1.win32_1.0.100.202403111256/tools/bin/../lib/gcc/arm-none-eabi/12.3.1/../../../../arm-none-eabi/lib/thumb/v7-m/nofp\libc_nano.a(libc_a-closer.o) (errno)
C:/ST/STM32CubeIDE_1.15.0/STM32CubeIDE/plugins/com.st.stm32cube.ide.mcu.externaltools.gnu-tools-for-stm32.12.3.rel1.win32_1.0.100.202403111256/tools/bin/../lib/gcc/arm-none-eabi/12.3.1/../../../../arm-none-eabi/lib/thumb/v7-m/nofp\libc_nano.a(libc_a-impure.o)
                              C:/ST/STM32CubeIDE_1.15.0/STM32CubeIDE/plugins/com.st.stm32cube.ide.mcu.externaltools.gnu-tools-for-stm32.12.3.rel1.win32_1.0.100.202403111256/tools/bin/../lib/gcc/arm-none-eabi/12.3.1/../../../../arm-none-eabi/lib/thumb/v7-m/nofp\libc_nano.a(libc_a-reent.o) (_impure_ptr)
C:/ST/STM32CubeIDE_1.15.0/STM32CubeIDE/plugins/com.st.stm32cube.ide.mcu.externaltools.gnu-tools-for-stm32.12.3.rel1.win32_1.0.100.202403111256/tools/bin/../lib/gcc/arm-none-eabi/12.3.1/../../../../arm-none-eabi/lib/thumb/v7-m/nofp\libc_nano.a(libc_a-lseekr.o)
[...]
Memory Configuration

Name             Origin             Length             Attributes
RAM              0x20000000         0x00005000         xrw
FLASH            0x08000000         0x00010000         xr
*default*        0x00000000         0xffffffff

Linker script and memory map

LOAD C:/ST/STM32CubeIDE_1.15.0/STM32CubeIDE/plugins/com.st.stm32cube.ide.mcu.externaltools.gnu-tools-for-stm32.12.3.rel1.win32_1.0.100.202403111256/tools/bin/../lib/gcc/arm-none-eabi/12.3.1/thumb/v7-m/nofp/crti.o
LOAD C:/ST/STM32CubeIDE_1.15.0/STM32CubeIDE/plugins/com.st.stm32cube.ide.mcu.externaltools.gnu-tools-for-stm32.12.3.rel1.win32_1.0.100.202403111256/tools/bin/../lib/gcc/arm-none-eabi/12.3.1/thumb/v7-m/nofp/crtbegin.o
LOAD C:/ST/STM32CubeIDE_1.15.0/STM32CubeIDE/plugins/com.st.stm32cube.ide.mcu.externaltools.gnu-tools-for-stm32.12.3.rel1.win32_1.0.100.202403111256/tools/bin/../lib/gcc/arm-none-eabi/12.3.1/../../../../arm-none-eabi/lib/thumb/v7-m/nofp/crt0.o
LOAD ./Core/Src/lcd1602_i2c_lib.o
LOAD ./Core/Src/main.o
LOAD ./Core/Src/stm32f1xx_hal_msp.o
LOAD ./Core/Src/stm32f1xx_it.o
LOAD ./Core/Src/syscalls.o
LOAD ./Core/Src/sysmem.o
LOAD ./Core/Src/system_stm32f1xx.o
LOAD ./Core/Startup/startup_stm32f103c8tx.o
LOAD ./Drivers/STM32F1xx_HAL_Driver/Src/stm32f1xx_hal.o
LOAD ./Drivers/STM32F1xx_HAL_Driver/Src/stm32f1xx_hal_cortex.o
LOAD ./Drivers/STM32F1xx_HAL_Driver/Src/stm32f1xx_hal_dma.o
LOAD ./Drivers/STM32F1xx_HAL_Driver/Src/stm32f1xx_hal_exti.o
LOAD ./Drivers/STM32F1xx_HAL_Driver/Src/stm32f1xx_hal_flash.o
LOAD ./Drivers/STM32F1xx_HAL_Driver/Src/stm32f1xx_hal_flash_ex.o
LOAD ./Drivers/STM32F1xx_HAL_Driver/Src/stm32f1xx_hal_gpio.o
LOAD ./Drivers/STM32F1xx_HAL_Driver/Src/stm32f1xx_hal_gpio_ex.o
LOAD ./Drivers/STM32F1xx_HAL_Driver/Src/stm32f1xx_hal_i2c.o
LOAD ./Drivers/STM32F1xx_HAL_Driver/Src/stm32f1xx_hal_pwr.o
LOAD ./Drivers/STM32F1xx_HAL_Driver/Src/stm32f1xx_hal_rcc.o
LOAD ./Drivers/STM32F1xx_HAL_Driver/Src/stm32f1xx_hal_rcc_ex.o
LOAD ./Drivers/STM32F1xx_HAL_Driver/Src/stm32f1xx_hal_spi.o
LOAD ./Drivers/STM32F1xx_HAL_Driver/Src/stm32f1xx_hal_tim.o
LOAD ./Drivers/STM32F1xx_HAL_Driver/Src/stm32f1xx_hal_tim_ex.o
START GROUP
LOAD C:/ST/STM32CubeIDE_1.15.0/STM32CubeIDE/plugins/com.st.stm32cube.ide.mcu.externaltools.gnu-tools-for-stm32.12.3.rel1.win32_1.0.100.202403111256/tools/bin/../lib/gcc/arm-none-eabi/12.3.1/../../../../arm-none-eabi/lib/thumb/v7-m/nofp\libc_nano.a
LOAD C:/ST/STM32CubeIDE_1.15.0/STM32CubeIDE/plugins/com.st.stm32cube.ide.mcu.externaltools.gnu-tools-for-stm32.12.3.rel1.win32_1.0.100.202403111256/tools/bin/../lib/gcc/arm-none-eabi/12.3.1/../../../../arm-none-eabi/lib/thumb/v7-m/nofp\libm.a
END GROUP
START GROUP
LOAD C:/ST/STM32CubeIDE_1.15.0/STM32CubeIDE/plugins/com.st.stm32cube.ide.mcu.externaltools.gnu-tools-for-stm32.12.3.rel1.win32_1.0.100.202403111256/tools/bin/../lib/gcc/arm-none-eabi/12.3.1/thumb/v7-m/nofp\libgcc.a
LOAD C:/ST/STM32CubeIDE_1.15.0/STM32CubeIDE/plugins/com.st.stm32cube.ide.mcu.externaltools.gnu-tools-for-stm32.12.3.rel1.win32_1.0.100.202403111256/tools/bin/../lib/gcc/arm-none-eabi/12.3.1/../../../../arm-none-eabi/lib/thumb/v7-m/nofp\libc_nano.a
END GROUP
START GROUP
LOAD C:/ST/STM32CubeIDE_1.15.0/STM32CubeIDE/plugins/com.st.stm32cube.ide.mcu.externaltools.gnu-tools-for-stm32.12.3.rel1.win32_1.0.100.202403111256/tools/bin/../lib/gcc/arm-none-eabi/12.3.1/thumb/v7-m/nofp\libgcc.a
LOAD C:/ST/STM32CubeIDE_1.15.0/STM32CubeIDE/plugins/com.st.stm32cube.ide.mcu.externaltools.gnu-tools-for-stm32.12.3.rel1.win32_1.0.100.202403111256/tools/bin/../lib/gcc/arm-none-eabi/12.3.1/../../../../arm-none-eabi/lib/thumb/v7-m/nofp\libc_nano.a
LOAD C:/ST/STM32CubeIDE_1.15.0/STM32CubeIDE/plugins/com.st.stm32cube.ide.mcu.externaltools.gnu-tools-for-stm32.12.3.rel1.win32_1.0.100.202403111256/tools/bin/../lib/gcc/arm-none-eabi/12.3.1/../../../../arm-none-eabi/lib/thumb/v7-m/nofp\libnosys.a
END GROUP
START GROUP
LOAD C:/ST/STM32CubeIDE_1.15.0/STM32CubeIDE/plugins/com.st.stm32cube.ide.mcu.externaltools.gnu-tools-for-stm32.12.3.rel1.win32_1.0.100.202403111256/tools/bin/../lib/gcc/arm-none-eabi/12.3.1/thumb/v7-m/nofp\libgcc.a
LOAD C:/ST/STM32CubeIDE_1.15.0/STM32CubeIDE/plugins/com.st.stm32cube.ide.mcu.externaltools.gnu-tools-for-stm32.12.3.rel1.win32_1.0.100.202403111256/tools/bin/../lib/gcc/arm-none-eabi/12.3.1/../../../../arm-none-eabi/lib/thumb/v7-m/nofp\libc_nano.a
LOAD C:/ST/STM32CubeIDE_1.15.0/STM32CubeIDE/plugins/com.st.stm32cube.ide.mcu.externaltools.gnu-tools-for-stm32.12.3.rel1.win32_1.0.100.202403111256/tools/bin/../lib/gcc/arm-none-eabi/12.3.1/../../../../arm-none-eabi/lib/thumb/v7-m/nofp\libnosys.a
END GROUP
LOAD C:/ST/STM32CubeIDE_1.15.0/STM32CubeIDE/plugins/com.st.stm32cube.ide.mcu.externaltools.gnu-tools-for-stm32.12.3.rel1.win32_1.0.100.202403111256/tools/bin/../lib/gcc/arm-none-eabi/12.3.1/thumb/v7-m/nofp/crtend.o
LOAD C:/ST/STM32CubeIDE_1.15.0/STM32CubeIDE/plugins/com.st.stm32cube.ide.mcu.externaltools.gnu-tools-for-stm32.12.3.rel1.win32_1.0.100.202403111256/tools/bin/../lib/gcc/arm-none-eabi/12.3.1/thumb/v7-m/nofp/crtn.o
                0x20005000                        _estack = (ORIGIN (RAM) + LENGTH (RAM))
                0x00000200                        _Min_Heap_Size = 0x200
                0x00000400                        _Min_Stack_Size = 0x400

.isr_vector     0x08000000      0x10c
                0x08000000                        . = ALIGN (0x4)
 *(.isr_vector)
 .isr_vector    0x08000000      0x10c ./Core/Startup/startup_stm32f103c8tx.o
                0x08000000                g_pfnVectors
                0x0800010c                        . = ALIGN (0x4)

.text           0x0800010c     0x2d0c
                0x0800010c                        . = ALIGN (0x4)
 *(.text)
 .text          0x0800010c       0x40 C:/ST/STM32CubeIDE_1.15.0/STM32CubeIDE/plugins/com.st.stm32cube.ide.mcu.externaltools.gnu-tools-for-stm32.12.3.rel1.win32_1.0.100.202403111256/tools/bin/../lib/gcc/arm-none-eabi/12.3.1/thumb/v7-m/nofp/crtbegin.o
 *(.text*)
 .text.lcd1602_Send_init_Data
                0x0800014c       0x88 ./Core/Src/lcd1602_i2c_lib.o
 .text.lcd1602_Init
                0x080001d4       0xc0 ./Core/Src/lcd1602_i2c_lib.o
                0x080001d4                lcd1602_Init
 .text.lcd1602_Backlight
                0x08000294       0x2c ./Core/Src/lcd1602_i2c_lib.o
                0x08000294                lcd1602_Backlight
 .text.symbol_transform
                0x080002c0       0x8c ./Core/Src/main.o
                0x080002c0                symbol_transform
 .text.HAL_TIM_PeriodElapsedCallback
                0x0800034c       0x12 ./Core/Src/main.o
                0x0800034c                HAL_TIM_PeriodElapsedCallback
 *fill*         0x0800035e        0x2 
 .text.main     0x08000360       0x98 ./Core/Src/main.o
                0x08000360                main
 .text.SystemClock_Config
                0x080003f8       0x8a ./Core/Src/main.o
                0x080003f8                SystemClock_Config
 *fill*         0x08000482        0x2 
 .text.MX_I2C1_Init
                0x08000484       0x5c ./Core/Src/main.o
 .text.MX_SPI1_Init
                0x080004e0       0x6c ./Core/Src/main.o
 .text.MX_TIM1_Init
                0x0800054c       0xa4 ./Core/Src/main.o
 .text.MX_GPIO_Init
                0x080005f0       0xd8 ./Core/Src/main.o
 .text.Error_Handler
                0x080006c8        0xc ./Core/Src/main.o
                0x080006c8                Error_Handler
 .text.HAL_MspInit
                0x080006d4       0x64 ./Core/Src/stm32f1xx_hal_msp.o
                0x080006d4                HAL_MspInit
 .text.HAL_I2C_MspInit
                0x08000738       0x7c ./Core/Src/stm32f1xx_hal_msp.o
                0x08000738                HAL_I2C_MspInit
 .text.HAL_SPI_MspInit
                0x080007b4       0x7c ./Core/Src/stm32f1xx_hal_msp.o
                0x080007b4                HAL_SPI_MspInit
 .text.HAL_TIM_Base_MspInit
                0x08000830       0x4c ./Core/Src/stm32f1xx_hal_msp.o
                0x08000830                HAL_TIM_Base_MspInit
 .text.NMI_Handler
                0x0800087c        0x8 ./Core/Src/stm32f1xx_it.o
                0x0800087c                NMI_Handler
 .text.HardFault_Handler
                0x08000884        0x8 ./Core/Src/stm32f1xx_it.o
                0x08000884                HardFault_Handler
 .text.MemManage_Handler
                0x0800088c        0x8 ./Core/Src/stm32f1xx_it.o
                0x0800088c                MemManage_Handler
 .text.BusFault_Handler
                0x08000894        0x8 ./Core/Src/stm32f1xx_it.o
                0x08000894                BusFault_Handler
 .text.UsageFault_Handler
                0x0800089c        0x8 ./Core/Src/stm32f1xx_it.o
                0x0800089c                UsageFault_Handler
 .text.SVC_Handler
                0x080008a4        0xc ./Core/Src/stm32f1xx_it.o
                0x080008a4                SVC_Handler
 .text.DebugMon_Handler
                0x080008b0        0xc ./Core/Src/stm32f1xx_it.o
                0x080008b0                DebugMon_Handler
 .text.PendSV_Handler
                0x080008bc        0xc ./Core/Src/stm32f1xx_it.o
                0x080008bc                PendSV_Handler
 .text.SysTick_Handler
                0x080008c8        0xc ./Core/Src/stm32f1xx_it.o
                0x080008c8                SysTick_Handler
 .text.TIM1_UP_IRQHandler
                0x080008d4       0x14 ./Core/Src/stm32f1xx_it.o
                0x080008d4                TIM1_UP_IRQHandler
 .text.SystemInit
                0x080008e8        0xc ./Core/Src/system_stm32f1xx.o
                0x080008e8                SystemInit
 .text.Reset_Handler
                0x080008f4       0x48 ./Core/Startup/startup_stm32f103c8tx.o
                0x080008f4                Reset_Handler
 .text.Default_Handler
                0x0800093c        0x2 ./Core/Startup/startup_stm32f103c8tx.o
                0x0800093c                RTC_Alarm_IRQHandler
                0x0800093c                EXTI2_IRQHandler
                0x0800093c                TIM1_CC_IRQHandler
                0x0800093c                PVD_IRQHandler
                0x0800093c                EXTI3_IRQHandler
                0x0800093c                EXTI0_IRQHandler
                0x0800093c                I2C2_EV_IRQHandler
                0x0800093c                ADC1_2_IRQHandler
                0x0800093c                SPI1_IRQHandler
                0x0800093c                TAMPER_IRQHandler
                0x0800093c                DMA1_Channel4_IRQHandler
                0x0800093c                USART3_IRQHandler
                0x0800093c                RTC_IRQHandler
                0x0800093c                DMA1_Channel7_IRQHandler
                0x0800093c                CAN1_RX1_IRQHandler
                0x0800093c                TIM4_IRQHandler
                0x0800093c                I2C1_EV_IRQHandler
                0x0800093c                DMA1_Channel6_IRQHandler
                0x0800093c                TIM3_IRQHandler
                0x0800093c                RCC_IRQHandler
                0x0800093c                TIM1_TRG_COM_IRQHandler
                0x0800093c                DMA1_Channel1_IRQHandler
                0x0800093c                Default_Handler
                0x0800093c                EXTI15_10_IRQHandler
                0x0800093c                EXTI9_5_IRQHandler
                0x0800093c                SPI2_IRQHandler
                0x0800093c                DMA1_Channel5_IRQHandler
                0x0800093c                EXTI4_IRQHandler
                0x0800093c                USB_LP_CAN1_RX0_IRQHandler
                0x0800093c                USB_HP_CAN1_TX_IRQHandler
                0x0800093c                DMA1_Channel3_IRQHandler
                0x0800093c                WWDG_IRQHandler
                0x0800093c                TIM2_IRQHandler
                0x0800093c                TIM1_BRK_IRQHandler
                0x0800093c                EXTI1_IRQHandler
                0x0800093c                USART2_IRQHandler
                0x0800093c                I2C2_ER_IRQHandler
                0x0800093c                DMA1_Channel2_IRQHandler
                0x0800093c                CAN1_SCE_IRQHandler
                0x0800093c                FLASH_IRQHandler
                0x0800093c                USART1_IRQHandler
                0x0800093c                I2C1_ER_IRQHandler
                0x0800093c                USBWakeUp_IRQHandler
 *fill*         0x0800093e        0x2 
 .text.HAL_Init
                0x08000940       0x2c ./Drivers/STM32F1xx_HAL_Driver/Src/stm32f1xx_hal.o
                0x08000940                HAL_Init
 .text.HAL_InitTick
                0x0800096c       0x60 ./Drivers/STM32F1xx_HAL_Driver/Src/stm32f1xx_hal.o
                0x0800096c                HAL_InitTick
 .text.HAL_IncTick
                0x080009cc       0x24 ./Drivers/STM32F1xx_HAL_Driver/Src/stm32f1xx_hal.o
                0x080009cc                HAL_IncTick
 .text.HAL_GetTick
                0x080009f0       0x14 ./Drivers/STM32F1xx_HAL_Driver/Src/stm32f1xx_hal.o
                0x080009f0                HAL_GetTick
 .text.HAL_Delay
                0x08000a04       0x48 ./Drivers/STM32F1xx_HAL_Driver/Src/stm32f1xx_hal.o
                0x08000a04                HAL_Delay
 .text.__NVIC_SetPriorityGrouping
                0x08000a4c       0x48 ./Drivers/STM32F1xx_HAL_Driver/Src/stm32f1xx_hal_cortex.o
 .text.__NVIC_GetPriorityGrouping
                0x08000a94       0x1c ./Drivers/STM32F1xx_HAL_Driver/Src/stm32f1xx_hal_cortex.o
 .text.__NVIC_EnableIRQ
                0x08000ab0       0x38 ./Drivers/STM32F1xx_HAL_Driver/Src/stm32f1xx_hal_cortex.o
 .text.__NVIC_SetPriority
                0x08000ae8       0x54 ./Drivers/STM32F1xx_HAL_Driver/Src/stm32f1xx_hal_cortex.o
 .text.NVIC_EncodePriority
                0x08000b3c       0x64 ./Drivers/STM32F1xx_HAL_Driver/Src/stm32f1xx_hal_cortex.o
 .text.SysTick_Config
                0x08000ba0       0x44 ./Drivers/STM32F1xx_HAL_Driver/Src/stm32f1xx_hal_cortex.o
 .text.HAL_NVIC_SetPriorityGrouping
                0x08000be4       0x16 ./Drivers/STM32F1xx_HAL_Driver/Src/stm32f1xx_hal_cortex.o
                0x08000be4                HAL_NVIC_SetPriorityGrouping
 .text.HAL_NVIC_SetPriority
                0x08000bfa       0x38 ./Drivers/STM32F1xx_HAL_Driver/Src/stm32f1xx_hal_cortex.o
                0x08000bfa                HAL_NVIC_SetPriority
 .text.HAL_NVIC_EnableIRQ
                0x08000c32       0x1c ./Drivers/STM32F1xx_HAL_Driver/Src/stm32f1xx_hal_cortex.o
                0x08000c32                HAL_NVIC_EnableIRQ
 .text.HAL_SYSTICK_Config
                0x08000c4e       0x18 ./Drivers/STM32F1xx_HAL_Driver/Src/stm32f1xx_hal_cortex.o
                0x08000c4e                HAL_SYSTICK_Config
 *fill*         0x08000c66        0x2 
 .text.HAL_GPIO_Init
                0x08000c68      0x308 ./Drivers/STM32F1xx_HAL_Driver/Src/stm32f1xx_hal_gpio.o
                0x08000c68                HAL_GPIO_Init
 .text.HAL_GPIO_WritePin
                0x08000f70       0x30 ./Drivers/STM32F1xx_HAL_Driver/Src/stm32f1xx_hal_gpio.o
                0x08000f70                HAL_GPIO_WritePin
 .text.HAL_I2C_Init
                0x08000fa0      0x288 ./Drivers/STM32F1xx_HAL_Driver/Src/stm32f1xx_hal_i2c.o
                0x08000fa0                HAL_I2C_Init
 .text.HAL_I2C_Master_Transmit
                0x08001228      0x1fc ./Drivers/STM32F1xx_HAL_Driver/Src/stm32f1xx_hal_i2c.o
                0x08001228                HAL_I2C_Master_Transmit
 .text.I2C_MasterRequestWrite
                0x08001424      0x104 ./Drivers/STM32F1xx_HAL_Driver/Src/stm32f1xx_hal_i2c.o
 .text.I2C_WaitOnFlagUntilTimeout
                0x08001528       0xf4 ./Drivers/STM32F1xx_HAL_Driver/Src/stm32f1xx_hal_i2c.o
 .text.I2C_WaitOnMasterAddressFlagUntilTimeout
                0x0800161c      0x140 ./Drivers/STM32F1xx_HAL_Driver/Src/stm32f1xx_hal_i2c.o
 .text.I2C_WaitOnTXEFlagUntilTimeout
                0x0800175c       0x90 ./Drivers/STM32F1xx_HAL_Driver/Src/stm32f1xx_hal_i2c.o
 .text.I2C_WaitOnBTFFlagUntilTimeout
                0x080017ec       0x90 ./Drivers/STM32F1xx_HAL_Driver/Src/stm32f1xx_hal_i2c.o
 .text.I2C_IsAcknowledgeFailed
                0x0800187c       0x5c ./Drivers/STM32F1xx_HAL_Driver/Src/stm32f1xx_hal_i2c.o
 .text.HAL_RCC_OscConfig
                0x080018d8      0x504 ./Drivers/STM32F1xx_HAL_Driver/Src/stm32f1xx_hal_rcc.o
                0x080018d8                HAL_RCC_OscConfig
 .text.HAL_RCC_ClockConfig
                0x08001ddc      0x1d4 ./Drivers/STM32F1xx_HAL_Driver/Src/stm32f1xx_hal_rcc.o
                0x08001ddc                HAL_RCC_ClockConfig
 .text.HAL_RCC_GetSysClockFreq
                0x08001fb0       0xa8 ./Drivers/STM32F1xx_HAL_Driver/Src/stm32f1xx_hal_rcc.o
                0x08001fb0                HAL_RCC_GetSysClockFreq
 .text.HAL_RCC_GetHCLKFreq
                0x08002058       0x14 ./Drivers/STM32F1xx_HAL_Driver/Src/stm32f1xx_hal_rcc.o
                0x08002058                HAL_RCC_GetHCLKFreq
 .text.HAL_RCC_GetPCLK1Freq
                0x0800206c       0x28 ./Drivers/STM32F1xx_HAL_Driver/Src/stm32f1xx_hal_rcc.o
                0x0800206c                HAL_RCC_GetPCLK1Freq
 .text.RCC_Delay
                0x08002094       0x3c ./Drivers/STM32F1xx_HAL_Driver/Src/stm32f1xx_hal_rcc.o
 .text.HAL_SPI_Init
                0x080020d0      0x108 ./Drivers/STM32F1xx_HAL_Driver/Src/stm32f1xx_hal_spi.o
                0x080020d0                HAL_SPI_Init
 .text.HAL_SPI_Transmit
                0x080021d8      0x286 ./Drivers/STM32F1xx_HAL_Driver/Src/stm32f1xx_hal_spi.o
                0x080021d8                HAL_SPI_Transmit
 *fill*         0x0800245e        0x2 
 .text.SPI_WaitFlagStateUntilTimeout
                0x08002460      0x110 ./Drivers/STM32F1xx_HAL_Driver/Src/stm32f1xx_hal_spi.o
 .text.SPI_EndRxTxTransaction
                0x08002570       0x3c ./Drivers/STM32F1xx_HAL_Driver/Src/stm32f1xx_hal_spi.o
 .text.HAL_TIM_Base_Init
                0x080025ac       0x9e ./Drivers/STM32F1xx_HAL_Driver/Src/stm32f1xx_hal_tim.o
                0x080025ac                HAL_TIM_Base_Init
 *fill*         0x0800264a        0x2 
 .text.HAL_TIM_Base_Start_IT
                0x0800264c       0xa4 ./Drivers/STM32F1xx_HAL_Driver/Src/stm32f1xx_hal_tim.o
                0x0800264c                HAL_TIM_Base_Start_IT
 .text.HAL_TIM_IRQHandler
                0x080026f0      0x210 ./Drivers/STM32F1xx_HAL_Driver/Src/stm32f1xx_hal_tim.o
                0x080026f0                HAL_TIM_IRQHandler
 .text.HAL_TIM_ConfigClockSource
                0x08002900      0x18e ./Drivers/STM32F1xx_HAL_Driver/Src/stm32f1xx_hal_tim.o
                0x08002900                HAL_TIM_ConfigClockSource
 .text.HAL_TIM_OC_DelayElapsedCallback
                0x08002a8e       0x12 ./Drivers/STM32F1xx_HAL_Driver/Src/stm32f1xx_hal_tim.o
                0x08002a8e                HAL_TIM_OC_DelayElapsedCallback
 .text.HAL_TIM_IC_CaptureCallback
                0x08002aa0       0x12 ./Drivers/STM32F1xx_HAL_Driver/Src/stm32f1xx_hal_tim.o
                0x08002aa0                HAL_TIM_IC_CaptureCallback
 .text.HAL_TIM_PWM_PulseFinishedCallback
                0x08002ab2       0x12 ./Drivers/STM32F1xx_HAL_Driver/Src/stm32f1xx_hal_tim.o
                0x08002ab2                HAL_TIM_PWM_PulseFinishedCallback
 .text.HAL_TIM_TriggerCallback
                0x08002ac4       0x12 ./Drivers/STM32F1xx_HAL_Driver/Src/stm32f1xx_hal_tim.o
                0x08002ac4                HAL_TIM_TriggerCallback
 *fill*         0x08002ad6        0x2 
 .text.TIM_Base_SetConfig
                0x08002ad8       0xc4 ./Drivers/STM32F1xx_HAL_Driver/Src/stm32f1xx_hal_tim.o
                0x08002ad8                TIM_Base_SetConfig
 .text.TIM_TI1_ConfigInputStage
                0x08002b9c       0x5c ./Drivers/STM32F1xx_HAL_Driver/Src/stm32f1xx_hal_tim.o
 .text.TIM_TI2_ConfigInputStage
                0x08002bf8       0x5e ./Drivers/STM32F1xx_HAL_Driver/Src/stm32f1xx_hal_tim.o
 .text.TIM_ITRx_SetConfig
                0x08002c56       0x34 ./Drivers/STM32F1xx_HAL_Driver/Src/stm32f1xx_hal_tim.o
 .text.TIM_ETR_SetConfig
                0x08002c8a       0x3e ./Drivers/STM32F1xx_HAL_Driver/Src/stm32f1xx_hal_tim.o
                0x08002c8a                TIM_ETR_SetConfig
 .text.HAL_TIMEx_MasterConfigSynchronization
                0x08002cc8       0xbc ./Drivers/STM32F1xx_HAL_Driver/Src/stm32f1xx_hal_tim_ex.o
                0x08002cc8                HAL_TIMEx_MasterConfigSynchronization
 .text.HAL_TIMEx_CommutCallback
                0x08002d84       0x12 ./Drivers/STM32F1xx_HAL_Driver/Src/stm32f1xx_hal_tim_ex.o
                0x08002d84                HAL_TIMEx_CommutCallback
 .text.HAL_TIMEx_BreakCallback
                0x08002d96       0x12 ./Drivers/STM32F1xx_HAL_Driver/Src/stm32f1xx_hal_tim_ex.o
                0x08002d96                HAL_TIMEx_BreakCallback
 .text.memset   0x08002da8       0x10 C:/ST/STM32CubeIDE_1.15.0/STM32CubeIDE/plugins/com.st.stm32cube.ide.mcu.externaltools.gnu-tools-for-stm32.12.3.rel1.win32_1.0.100.202403111256/tools/bin/../lib/gcc/arm-none-eabi/12.3.1/../../../../arm-none-eabi/lib/thumb/v7-m/nofp\libc_nano.a(libc_a-memset.o)
                0x08002da8                memset
 .text.__libc_init_array
                0x08002db8       0x48 C:/ST/STM32CubeIDE_1.15.0/STM32CubeIDE/plugins/com.st.stm32cube.ide.mcu.externaltools.gnu-tools-for-stm32.12.3.rel1.win32_1.0.100.202403111256/tools/bin/../lib/gcc/arm-none-eabi/12.3.1/../../../../arm-none-eabi/lib/thumb/v7-m/nofp\libc_nano.a(libc_a-init.o)
                0x08002db8                __libc_init_array
 *(.glue_7)
 .glue_7        0x08002e00        0x0 linker stubs
 *(.glue_7t)
 .glue_7t       0x08002e00        0x0 linker stubs
 *(.eh_frame)
 .eh_frame      0x08002e00        0x0 C:/ST/STM32CubeIDE_1.15.0/STM32CubeIDE/plugins/com.st.stm32cube.ide.mcu.externaltools.gnu-tools-for-stm32.12.3.rel1.win32_1.0.100.202403111256/tools/bin/../lib/gcc/arm-none-eabi/12.3.1/thumb/v7-m/nofp/crtbegin.o
 *(.init)
 .init          0x08002e00        0x4 C:/ST/STM32CubeIDE_1.15.0/STM32CubeIDE/plugins/com.st.stm32cube.ide.mcu.externaltools.gnu-tools-for-stm32.12.3.rel1.win32_1.0.100.202403111256/tools/bin/../lib/gcc/arm-none-eabi/12.3.1/thumb/v7-m/nofp/crti.o
                0x08002e00                _init
 .init          0x08002e04        0x8 C:/ST/STM32CubeIDE_1.15.0/STM32CubeIDE/plugins/com.st.stm32cube.ide.mcu.externaltools.gnu-tools-for-stm32.12.3.rel1.win32_1.0.100.202403111256/tools/bin/../lib/gcc/arm-none-eabi/12.3.1/thumb/v7-m/nofp/crtn.o
 *(.fini)
 .fini          0x08002e0c        0x4 C:/ST/STM32CubeIDE_1.15.0/STM32CubeIDE/plugins/com.st.stm32cube.ide.mcu.externaltools.gnu-tools-for-stm32.12.3.rel1.win32_1.0.100.202403111256/tools/bin/../lib/gcc/arm-none-eabi/12.3.1/thumb/v7-m/nofp/crti.o
                0x08002e0c                _fini
 .fini          0x08002e10        0x8 C:/ST/STM32CubeIDE_1.15.0/STM32CubeIDE/plugins/com.st.stm32cube.ide.mcu.externaltools.gnu-tools-for-stm32.12.3.rel1.win32_1.0.100.202403111256/tools/bin/../lib/gcc/arm-none-eabi/12.3.1/thumb/v7-m/nofp/crtn.o
                0x08002e18                        . = ALIGN (0x4)
                0x08002e18                        _etext = .

.vfp11_veneer   0x08002e18        0x0
 .vfp11_veneer  0x08002e18        0x0 linker stubs

.v4_bx          0x08002e18        0x0
 .v4_bx         0x08002e18        0x0 linker stubs

.iplt           0x08002e18        0x0
 .iplt          0x08002e18        0x0 C:/ST/STM32CubeIDE_1.15.0/STM32CubeIDE/plugins/com.st.stm32cube.ide.mcu.externaltools.gnu-tools-for-stm32.12.3.rel1.win32_1.0.100.202403111256/tools/bin/../lib/gcc/arm-none-eabi/12.3.1/thumb/v7-m/nofp/crtbegin.o

.rodata         0x08002e18       0x2c
                0x08002e18                        . = ALIGN (0x4)
 *(.rodata)
 *(.rodata*)
 .rodata.AHBPrescTable
                0x08002e18       0x10 ./Core/Src/system_stm32f1xx.o
                0x08002e18                AHBPrescTable
 .rodata.APBPrescTable
                0x08002e28        0x8 ./Core/Src/system_stm32f1xx.o
                0x08002e28                APBPrescTable
 .rodata.aPLLMULFactorTable.1
                0x08002e30       0x10 ./Drivers/STM32F1xx_HAL_Driver/Src/stm32f1xx_hal_rcc.o
 .rodata.aPredivFactorTable.0
                0x08002e40        0x2 ./Drivers/STM32F1xx_HAL_Driver/Src/stm32f1xx_hal_rcc.o
                0x08002e44                        . = ALIGN (0x4)
 *fill*         0x08002e42        0x2 

.ARM.extab      0x08002e44        0x0
                0x08002e44                        . = ALIGN (0x4)
 *(.ARM.extab* .gnu.linkonce.armextab.*)
                0x08002e44                        . = ALIGN (0x4)

.ARM            0x08002e44        0x0
                0x08002e44                        . = ALIGN (0x4)
                0x08002e44                        __exidx_start = .
 *(.ARM.exidx*)
                0x08002e44                        __exidx_end = .
                0x08002e44                        . = ALIGN (0x4)

.preinit_array  0x08002e44        0x0
                0x08002e44                        . = ALIGN (0x4)
                0x08002e44                        PROVIDE (__preinit_array_start = .)
 *(.preinit_array*)
                0x08002e44                        PROVIDE (__preinit_array_end = .)
                0x08002e44                        . = ALIGN (0x4)

.init_array     0x08002e44        0x4
                0x08002e44                        . = ALIGN (0x4)
                0x08002e44                        PROVIDE (__init_array_start = .)
 *(SORT_BY_NAME(.init_array.*))
 *(.init_array*)
 .init_array    0x08002e44        0x4 C:/ST/STM32CubeIDE_1.15.0/STM32CubeIDE/plugins/com.st.stm32cube.ide.mcu.externaltools.gnu-tools-for-stm32.12.3.rel1.win32_1.0.100.202403111256/tools/bin/../lib/gcc/arm-none-eabi/12.3.1/thumb/v7-m/nofp/crtbegin.o
                0x08002e48                        PROVIDE (__init_array_end = .)
                0x08002e48                        . = ALIGN (0x4)

.fini_array     0x08002e48        0x4
                0x08002e48                        . = ALIGN (0x4)
                [!provide]                        PROVIDE (__fini_array_start = .)
 *(SORT_BY_NAME(.fini_array.*))
 *(.fini_array*)
 .fini_array    0x08002e48        0x4 C:/ST/STM32CubeIDE_1.15.0/STM32CubeIDE/plugins/com.st.stm32cube.ide.mcu.externaltools.gnu-tools-for-stm32.12.3.rel1.win32_1.0.100.202403111256/tools/bin/../lib/gcc/arm-none-eabi/12.3.1/thumb/v7-m/nofp/crtbegin.o
                [!provide]                        PROVIDE (__fini_array_end = .)
                0x08002e4c                        . = ALIGN (0x4)
                0x08002e4c                        _sidata = LOADADDR (.data)

.rel.dyn        0x08002e4c        0x0
 .rel.iplt      0x08002e4c        0x0 C:/ST/STM32CubeIDE_1.15.0/STM32CubeIDE/plugins/com.st.stm32cube.ide.mcu.externaltools.gnu-tools-for-stm32.12.3.rel1.win32_1.0.100.202403111256/tools/bin/../lib/gcc/arm-none-eabi/12.3.1/thumb/v7-m/nofp/crtbegin.o

.data           0x20000000       0x10 load address 0x08002e4c
                0x20000000                        . = ALIGN (0x4)
                0x20000000                        _sdata = .
 *(.data)
 *(.data*)
 .data.backlight
                0x20000000        0x1 ./Core/Src/lcd1602_i2c_lib.o
                0x20000000                backlight
 *fill*         0x20000001        0x3 
 .data.SystemCoreClock
                0x20000004        0x4 ./Core/Src/system_stm32f1xx.o
                0x20000004                SystemCoreClock
 .data.uwTickPrio
                0x20000008        0x4 ./Drivers/STM32F1xx_HAL_Driver/Src/stm32f1xx_hal.o
                0x20000008                uwTickPrio
 .data.uwTickFreq
                0x2000000c        0x1 ./Drivers/STM32F1xx_HAL_Driver/Src/stm32f1xx_hal.o
                0x2000000c                uwTickFreq
 *(.RamFunc)
 *(.RamFunc*)
                0x20000010                        . = ALIGN (0x4)
 *fill*         0x2000000d        0x3 
                0x20000010                        _edata = .

.igot.plt       0x20000010        0x0 load address 0x08002e5c
 .igot.plt      0x20000010        0x0 C:/ST/STM32CubeIDE_1.15.0/STM32CubeIDE/plugins/com.st.stm32cube.ide.mcu.externaltools.gnu-tools-for-stm32.12.3.rel1.win32_1.0.100.202403111256/tools/bin/../lib/gcc/arm-none-eabi/12.3.1/thumb/v7-m/nofp/crtbegin.o
                0x20000010                        . = ALIGN (0x4)

.bss            0x20000010      0x114 load address 0x08002e5c
                0x20000010                        _sbss = .
                0x20000010                        __bss_start__ = _sbss
 *(.bss)
 .bss           0x20000010       0x1c C:/ST/STM32CubeIDE_1.15.0/STM32CubeIDE/plugins/com.st.stm32cube.ide.mcu.externaltools.gnu-tools-for-stm32.12.3.rel1.win32_1.0.100.202403111256/tools/bin/../lib/gcc/arm-none-eabi/12.3.1/thumb/v7-m/nofp/crtbegin.o
 *(.bss*)
 .bss.hi2c1     0x2000002c       0x54 ./Core/Src/main.o
                0x2000002c                hi2c1
 .bss.hspi1     0x20000080       0x58 ./Core/Src/main.o
                0x20000080                hspi1
 .bss.htim1     0x200000d8       0x48 ./Core/Src/main.o
                0x200000d8                htim1
 .bss.uwTick    0x20000120        0x4 ./Drivers/STM32F1xx_HAL_Driver/Src/stm32f1xx_hal.o
                0x20000120                uwTick
 *(COMMON)
                0x20000124                        . = ALIGN (0x4)
                0x20000124                        _ebss = .
                0x20000124                        __bss_end__ = _ebss

._user_heap_stack
                0x20000124      0x604 load address 0x08002e5c
                0x20000128                        . = ALIGN (0x8)
 *fill*         0x20000124        0x4 
                [!provide]                        PROVIDE (end = .)
                0x20000128                        PROVIDE (_end = .)
                0x20000328                        . = (. + _Min_Heap_Size)
 *fill*         0x20000128      0x200 
                0x20000728                        . = (. + _Min_Stack_Size)
 *fill*         0x20000328      0x400 
                0x20000728                        . = ALIGN (0x8)

/DISCARD/
 libc.a(*)
 libm.a(*)
 libgcc.a(*)

.ARM.attributes
                0x00000000       0x29
 *(.ARM.attributes)
 .ARM.attributes
                0x00000000       0x1d C:/ST/STM32CubeIDE_1.15.0/STM32CubeIDE/plugins/com.st.stm32cube.ide.mcu.externaltools.gnu-tools-for-stm32.12.3.rel1.win32_1.0.100.202403111256/tools/bin/../lib/gcc/arm-none-eabi/12.3.1/thumb/v7-m/nofp/crti.o
 .ARM.attributes
                0x0000001d       0x2d C:/ST/STM32CubeIDE_1.15.0/STM32CubeIDE/plugins/com.st.stm32cube.ide.mcu.externaltools.gnu-tools-for-stm32.12.3.rel1.win32_1.0.100.202403111256/tools/bin/../lib/gcc/arm-none-eabi/12.3.1/thumb/v7-m/nofp/crtbegin.o
 .ARM.attributes
                0x0000004a       0x2d ./Core/Src/lcd1602_i2c_lib.o
 .ARM.attributes
                0x00000077       0x2d ./Core/Src/main.o
 .ARM.attributes
                0x000000a4       0x2d ./Core/Src/stm32f1xx_hal_msp.o
 .ARM.attributes
                0x000000d1       0x2d ./Core/Src/stm32f1xx_it.o
 .ARM.attributes
                0x000000fe       0x2d ./Core/Src/system_stm32f1xx.o
 .ARM.attributes
                0x0000012b       0x21 ./Core/Startup/startup_stm32f103c8tx.o
 .ARM.attributes
                0x0000014c       0x2d ./Drivers/STM32F1xx_HAL_Driver/Src/stm32f1xx_hal.o
 .ARM.attributes
                0x00000179       0x2d ./Drivers/STM32F1xx_HAL_Driver/Src/stm32f1xx_hal_cortex.o
 .ARM.attributes
                0x000001a6       0x2d ./Drivers/STM32F1xx_HAL_Driver/Src/stm32f1xx_hal_gpio.o
 .ARM.attributes
                0x000001d3       0x2d ./Drivers/STM32F1xx_HAL_Driver/Src/stm32f1xx_hal_i2c.o
 .ARM.attributes
                0x00000200       0x2d ./Drivers/STM32F1xx_HAL_Driver/Src/stm32f1xx_hal_rcc.o
 .ARM.attributes
                0x0000022d       0x2d ./Drivers/STM32F1xx_HAL_Driver/Src/stm32f1xx_hal_spi.o
 .ARM.attributes
                0x0000025a       0x2d ./Drivers/STM32F1xx_HAL_Driver/Src/stm32f1xx_hal_tim.o
 .ARM.attributes
                0x00000287       0x2d ./Drivers/STM32F1xx_HAL_Driver/Src/stm32f1xx_hal_tim_ex.o
 .ARM.attributes
                0x000002b4       0x2d C:/ST/STM32CubeIDE_1.15.0/STM32CubeIDE/plugins/com.st.stm32cube.ide.mcu.externaltools.gnu-tools-for-stm32.12.3.rel1.win32_1.0.100.202403111256/tools/bin/../lib/gcc/arm-none-eabi/12.3.1/../../../../arm-none-eabi/lib/thumb/v7-m/nofp\libc_nano.a(libc_a-memset.o)
 .ARM.attributes
                0x000002e1       0x2d C:/ST/STM32CubeIDE_1.15.0/STM32CubeIDE/plugins/com.st.stm32cube.ide.mcu.externaltools.gnu-tools-for-stm32.12.3.rel1.win32_1.0.100.202403111256/tools/bin/../lib/gcc/arm-none-eabi/12.3.1/../../../../arm-none-eabi/lib/thumb/v7-m/nofp\libc_nano.a(libc_a-init.o)
 .ARM.attributes
                0x0000030e       0x1d C:/ST/STM32CubeIDE_1.15.0/STM32CubeIDE/plugins/com.st.stm32cube.ide.mcu.externaltools.gnu-tools-for-stm32.12.3.rel1.win32_1.0.100.202403111256/tools/bin/../lib/gcc/arm-none-eabi/12.3.1/thumb/v7-m/nofp/crtn.o
OUTPUT(testI2C.elf elf32-littlearm)
LOAD linker stubs
LOAD C:/ST/STM32CubeIDE_1.15.0/STM32CubeIDE/plugins/com.st.stm32cube.ide.mcu.externaltools.gnu-tools-for-stm32.12.3.rel1.win32_1.0.100.202403111256/tools/bin/../lib/gcc/arm-none-eabi/12.3.1/../../../../arm-none-eabi/lib/thumb/v7-m/nofp\libc.a
LOAD C:/ST/STM32CubeIDE_1.15.0/STM32CubeIDE/plugins/com.st.stm32cube.ide.mcu.externaltools.gnu-tools-for-stm32.12.3.rel1.win32_1.0.100.202403111256/tools/bin/../lib/gcc/arm-none-eabi/12.3.1/../../../../arm-none-eabi/lib/thumb/v7-m/nofp\libm.a
LOAD C:/ST/STM32CubeIDE_1.15.0/STM32CubeIDE/plugins/com.st.stm32cube.ide.mcu.externaltools.gnu-tools-for-stm32.12.3.rel1.win32_1.0.100.202403111256/tools/bin/../lib/gcc/arm-none-eabi/12.3.1/thumb/v7-m/nofp\libgcc.a

.debug_info     0x00000000     0xcde8
 .debug_info    0x00000000      0x8f1 ./Core/Src/lcd1602_i2c_lib.o
 .debug_info    0x000008f1     0x149f ./Core/Src/main.o
 .debug_info    0x00001d90     0x106c ./Core/Src/stm32f1xx_hal_msp.o
 .debug_info    0x00002dfc      0x6a1 ./Core/Src/stm32f1xx_it.o
 .debug_info    0x0000349d      0x222 ./Core/Src/system_stm32f1xx.o
 .debug_info    0x000036bf       0x30 ./Core/Startup/startup_stm32f103c8tx.o
 .debug_info    0x000036ef      0x704 ./Drivers/STM32F1xx_HAL_Driver/Src/stm32f1xx_hal.o
 .debug_info    0x00003df3      0xa87 ./Drivers/STM32F1xx_HAL_Driver/Src/stm32f1xx_hal_cortex.o
 .debug_info    0x0000487a      0x5ab ./Drivers/STM32F1xx_HAL_Driver/Src/stm32f1xx_hal_gpio.o
 .debug_info    0x00004e25     0x2515 ./Drivers/STM32F1xx_HAL_Driver/Src/stm32f1xx_hal_i2c.o
 .debug_info    0x0000733a      0x7d5 ./Drivers/STM32F1xx_HAL_Driver/Src/stm32f1xx_hal_rcc.o
 .debug_info    0x00007b0f     0x1503 ./Drivers/STM32F1xx_HAL_Driver/Src/stm32f1xx_hal_spi.o
 .debug_info    0x00009012     0x293b ./Drivers/STM32F1xx_HAL_Driver/Src/stm32f1xx_hal_tim.o
 .debug_info    0x0000b94d     0x149b ./Drivers/STM32F1xx_HAL_Driver/Src/stm32f1xx_hal_tim_ex.o

.debug_abbrev   0x00000000     0x1ec5
 .debug_abbrev  0x00000000      0x2a7 ./Core/Src/lcd1602_i2c_lib.o
 .debug_abbrev  0x000002a7      0x3bd ./Core/Src/main.o
 .debug_abbrev  0x00000664      0x1d7 ./Core/Src/stm32f1xx_hal_msp.o
 .debug_abbrev  0x0000083b      0x191 ./Core/Src/stm32f1xx_it.o
 .debug_abbrev  0x000009cc      0x13f ./Core/Src/system_stm32f1xx.o
 .debug_abbrev  0x00000b0b       0x24 ./Core/Startup/startup_stm32f103c8tx.o
 .debug_abbrev  0x00000b2f      0x201 ./Drivers/STM32F1xx_HAL_Driver/Src/stm32f1xx_hal.o
 .debug_abbrev  0x00000d30      0x2f8 ./Drivers/STM32F1xx_HAL_Driver/Src/stm32f1xx_hal_cortex.o
 .debug_abbrev  0x00001028      0x1ca ./Drivers/STM32F1xx_HAL_Driver/Src/stm32f1xx_hal_gpio.o
 .debug_abbrev  0x000011f2      0x2a3 ./Drivers/STM32F1xx_HAL_Driver/Src/stm32f1xx_hal_i2c.o
 .debug_abbrev  0x00001495      0x2b3 ./Drivers/STM32F1xx_HAL_Driver/Src/stm32f1xx_hal_rcc.o
 .debug_abbrev  0x00001748      0x284 ./Drivers/STM32F1xx_HAL_Driver/Src/stm32f1xx_hal_spi.o
 .debug_abbrev  0x000019cc      0x277 ./Drivers/STM32F1xx_HAL_Driver/Src/stm32f1xx_hal_tim.o
 .debug_abbrev  0x00001c43      0x282 ./Drivers/STM32F1xx_HAL_Driver/Src/stm32f1xx_hal_tim_ex.o

.debug_aranges  0x00000000      0xe80
 .debug_aranges
                0x00000000       0x90 ./Core/Src/lcd1602_i2c_lib.o
 .debug_aranges
                0x00000090       0x70 ./Core/Src/main.o
 .debug_aranges
                0x00000100       0x50 ./Core/Src/stm32f1xx_hal_msp.o
 .debug_aranges
                0x00000150       0x68 ./Core/Src/stm32f1xx_it.o
 .debug_aranges
                0x000001b8       0x28 ./Core/Src/system_stm32f1xx.o
 .debug_aranges
                0x000001e0       0x28 ./Core/Startup/startup_stm32f103c8tx.o
 .debug_aranges
                0x00000208       0xe0 ./Drivers/STM32F1xx_HAL_Driver/Src/stm32f1xx_hal.o
 .debug_aranges
                0x000002e8      0x100 ./Drivers/STM32F1xx_HAL_Driver/Src/stm32f1xx_hal_cortex.o
 .debug_aranges
                0x000003e8       0x58 ./Drivers/STM32F1xx_HAL_Driver/Src/stm32f1xx_hal_gpio.o
 .debug_aranges
                0x00000440      0x2a8 ./Drivers/STM32F1xx_HAL_Driver/Src/stm32f1xx_hal_i2c.o
 .debug_aranges
                0x000006e8       0x90 ./Drivers/STM32F1xx_HAL_Driver/Src/stm32f1xx_hal_rcc.o
 .debug_aranges
                0x00000778      0x1d0 ./Drivers/STM32F1xx_HAL_Driver/Src/stm32f1xx_hal_spi.o
 .debug_aranges
                0x00000948      0x3d0 ./Drivers/STM32F1xx_HAL_Driver/Src/stm32f1xx_hal_tim.o
 .debug_aranges
                0x00000d18      0x168 ./Drivers/STM32F1xx_HAL_Driver/Src/stm32f1xx_hal_tim_ex.o

.debug_rnglists
                0x00000000      0xb63
 .debug_rnglists
                0x00000000       0x6a ./Core/Src/lcd1602_i2c_lib.o
 .debug_rnglists
                0x0000006a       0x54 ./Core/Src/main.o
 .debug_rnglists
                0x000000be       0x37 ./Core/Src/stm32f1xx_hal_msp.o
 .debug_rnglists
                0x000000f5       0x49 ./Core/Src/stm32f1xx_it.o
 .debug_rnglists
                0x0000013e       0x1a ./Core/Src/system_stm32f1xx.o
 .debug_rnglists
                0x00000158       0x19 ./Core/Startup/startup_stm32f103c8tx.o
 .debug_rnglists
                0x00000171       0xa3 ./Drivers/STM32F1xx_HAL_Driver/Src/stm32f1xx_hal.o
 .debug_rnglists
                0x00000214       0xbb ./Drivers/STM32F1xx_HAL_Driver/Src/stm32f1xx_hal_cortex.o
 .debug_rnglists
                0x000002cf       0x3f ./Drivers/STM32F1xx_HAL_Driver/Src/stm32f1xx_hal_gpio.o
 .debug_rnglists
                0x0000030e      0x23c ./Drivers/STM32F1xx_HAL_Driver/Src/stm32f1xx_hal_i2c.o
 .debug_rnglists
                0x0000054a       0x6c ./Drivers/STM32F1xx_HAL_Driver/Src/stm32f1xx_hal_rcc.o
 .debug_rnglists
                0x000005b6      0x16e ./Drivers/STM32F1xx_HAL_Driver/Src/stm32f1xx_hal_spi.o
 .debug_rnglists
                0x00000724      0x31a ./Drivers/STM32F1xx_HAL_Driver/Src/stm32f1xx_hal_tim.o
 .debug_rnglists
                0x00000a3e      0x125 ./Drivers/STM32F1xx_HAL_Driver/Src/stm32f1xx_hal_tim_ex.o

.debug_macro    0x00000000    0x17c83
 .debug_macro   0x00000000      0x29e ./Core/Src/lcd1602_i2c_lib.o
 .debug_macro   0x0000029e      0xaa8 ./Core/Src/lcd1602_i2c_lib.o
 .debug_macro   0x00000d46      0x221 ./Core/Src/lcd1602_i2c_lib.o
 .debug_macro   0x00000f67       0x2e ./Core/Src/lcd1602_i2c_lib.o
 .debug_macro   0x00000f95       0x22 ./Core/Src/lcd1602_i2c_lib.o
 .debug_macro   0x00000fb7       0x22 ./Core/Src/lcd1602_i2c_lib.o
 .debug_macro   0x00000fd9       0x8e ./Core/Src/lcd1602_i2c_lib.o
 .debug_macro   0x00001067       0x51 ./Core/Src/lcd1602_i2c_lib.o
 .debug_macro   0x000010b8      0x103 ./Core/Src/lcd1602_i2c_lib.o
 .debug_macro   0x000011bb       0x6a ./Core/Src/lcd1602_i2c_lib.o
 .debug_macro   0x00001225      0x1df ./Core/Src/lcd1602_i2c_lib.o
 .debug_macro   0x00001404       0x1c ./Core/Src/lcd1602_i2c_lib.o
 .debug_macro   0x00001420       0x22 ./Core/Src/lcd1602_i2c_lib.o
 .debug_macro   0x00001442       0xbd ./Core/Src/lcd1602_i2c_lib.o
 .debug_macro   0x000014ff      0xd23 ./Core/Src/lcd1602_i2c_lib.o
 .debug_macro   0x00002222     0xe09e ./Core/Src/lcd1602_i2c_lib.o
 .debug_macro   0x000102c0       0x6d ./Core/Src/lcd1602_i2c_lib.o
 .debug_macro   0x0001032d     0x348d ./Core/Src/lcd1602_i2c_lib.o
 .debug_macro   0x000137ba      0x189 ./Core/Src/lcd1602_i2c_lib.o
 .debug_macro   0x00013943       0x5c ./Core/Src/lcd1602_i2c_lib.o
 .debug_macro   0x0001399f      0x5bc ./Core/Src/lcd1602_i2c_lib.o
 .debug_macro   0x00013f5b      0x289 ./Core/Src/lcd1602_i2c_lib.o
 .debug_macro   0x000141e4      0x1cb ./Core/Src/lcd1602_i2c_lib.o
 .debug_macro   0x000143af      0x114 ./Core/Src/lcd1602_i2c_lib.o
 .debug_macro   0x000144c3      0x1b2 ./Core/Src/lcd1602_i2c_lib.o
 .debug_macro   0x00014675       0x27 ./Core/Src/lcd1602_i2c_lib.o
 .debug_macro   0x0001469c      0x136 ./Core/Src/lcd1602_i2c_lib.o
 .debug_macro   0x000147d2      0x1bc ./Core/Src/lcd1602_i2c_lib.o
 .debug_macro   0x0001498e       0x34 ./Core/Src/lcd1602_i2c_lib.o
 .debug_macro   0x000149c2       0x3c ./Core/Src/lcd1602_i2c_lib.o
 .debug_macro   0x000149fe       0x57 ./Core/Src/lcd1602_i2c_lib.o
 .debug_macro   0x00014a55       0x87 ./Core/Src/lcd1602_i2c_lib.o
 .debug_macro   0x00014adc      0x240 ./Core/Src/lcd1602_i2c_lib.o
 .debug_macro   0x00014d1c      0x287 ./Core/Src/lcd1602_i2c_lib.o
 .debug_macro   0x00014fa3      0x140 ./Core/Src/lcd1602_i2c_lib.o
 .debug_macro   0x000150e3      0x217 ./Core/Src/lcd1602_i2c_lib.o
 .debug_macro   0x000152fa      0x8ed ./Core/Src/lcd1602_i2c_lib.o
 .debug_macro   0x00015be7       0x83 ./Core/Src/lcd1602_i2c_lib.o
 .debug_macro   0x00015c6a       0x61 ./Core/Src/lcd1602_i2c_lib.o
 .debug_macro   0x00015ccb       0x24 ./Core/Src/lcd1602_i2c_lib.o
 .debug_macro   0x00015cef       0x43 ./Core/Src/lcd1602_i2c_lib.o
 .debug_macro   0x00015d32       0x34 ./Core/Src/lcd1602_i2c_lib.o
 .debug_macro   0x00015d66       0x16 ./Core/Src/lcd1602_i2c_lib.o
 .debug_macro   0x00015d7c       0x43 ./Core/Src/lcd1602_i2c_lib.o
 .debug_macro   0x00015dbf       0x34 ./Core/Src/lcd1602_i2c_lib.o
 .debug_macro   0x00015df3       0x10 ./Core/Src/lcd1602_i2c_lib.o
 .debug_macro   0x00015e03       0x58 ./Core/Src/lcd1602_i2c_lib.o
 .debug_macro   0x00015e5b       0x8e ./Core/Src/lcd1602_i2c_lib.o
 .debug_macro   0x00015ee9       0x1c ./Core/Src/lcd1602_i2c_lib.o
 .debug_macro   0x00015f05      0x177 ./Core/Src/lcd1602_i2c_lib.o
 .debug_macro   0x0001607c      0x369 ./Core/Src/lcd1602_i2c_lib.o
 .debug_macro   0x000163e5       0x10 ./Core/Src/lcd1602_i2c_lib.o
 .debug_macro   0x000163f5       0x35 ./Core/Src/lcd1602_i2c_lib.o
 .debug_macro   0x0001642a       0x20 ./Core/Src/lcd1602_i2c_lib.o
 .debug_macro   0x0001644a       0x22 ./Core/Src/lcd1602_i2c_lib.o
 .debug_macro   0x0001646c      0x2e4 ./Core/Src/main.o
 .debug_macro   0x00016750       0x16 ./Core/Src/main.o
 .debug_macro   0x00016766       0x10 ./Core/Src/main.o
 .debug_macro   0x00016776       0x16 ./Core/Src/main.o
 .debug_macro   0x0001678c       0x16 ./Core/Src/main.o
 .debug_macro   0x000167a2      0x146 ./Core/Src/main.o
 .debug_macro   0x000168e8       0x16 ./Core/Src/main.o
 .debug_macro   0x000168fe      0x1b7 ./Core/Src/stm32f1xx_hal_msp.o
 .debug_macro   0x00016ab5      0x1c1 ./Core/Src/stm32f1xx_it.o
 .debug_macro   0x00016c76      0x1ad ./Core/Src/system_stm32f1xx.o
 .debug_macro   0x00016e23      0x1d1 ./Drivers/STM32F1xx_HAL_Driver/Src/stm32f1xx_hal.o
 .debug_macro   0x00016ff4      0x1ad ./Drivers/STM32F1xx_HAL_Driver/Src/stm32f1xx_hal_cortex.o
 .debug_macro   0x000171a1      0x218 ./Drivers/STM32F1xx_HAL_Driver/Src/stm32f1xx_hal_gpio.o
 .debug_macro   0x000173b9      0x1fb ./Drivers/STM32F1xx_HAL_Driver/Src/stm32f1xx_hal_i2c.o
 .debug_macro   0x000175b4      0x1bf ./Drivers/STM32F1xx_HAL_Driver/Src/stm32f1xx_hal_rcc.o
 .debug_macro   0x00017773      0x1b5 ./Drivers/STM32F1xx_HAL_Driver/Src/stm32f1xx_hal_spi.o
 .debug_macro   0x00017928      0x1ae ./Drivers/STM32F1xx_HAL_Driver/Src/stm32f1xx_hal_tim.o
 .debug_macro   0x00017ad6      0x1ad ./Drivers/STM32F1xx_HAL_Driver/Src/stm32f1xx_hal_tim_ex.o

.debug_line     0x00000000    0x102f1
 .debug_line    0x00000000      0xb40 ./Core/Src/lcd1602_i2c_lib.o
 .debug_line    0x00000b40      0xb7c ./Core/Src/main.o
 .debug_line    0x000016bc      0x7e9 ./Core/Src/stm32f1xx_hal_msp.o
 .debug_line    0x00001ea5      0x7f5 ./Core/Src/stm32f1xx_it.o
 .debug_line    0x0000269a      0x799 ./Core/Src/system_stm32f1xx.o
 .debug_line    0x00002e33       0x78 ./Core/Startup/startup_stm32f103c8tx.o
 .debug_line    0x00002eab      0x9c6 ./Drivers/STM32F1xx_HAL_Driver/Src/stm32f1xx_hal.o
 .debug_line    0x00003871      0xbb2 ./Drivers/STM32F1xx_HAL_Driver/Src/stm32f1xx_hal_cortex.o
 .debug_line    0x00004423      0xa5f ./Drivers/STM32F1xx_HAL_Driver/Src/stm32f1xx_hal_gpio.o
 .debug_line    0x00004e82     0x3c33 ./Drivers/STM32F1xx_HAL_Driver/Src/stm32f1xx_hal_i2c.o
 .debug_line    0x00008ab5      0xdcf ./Drivers/STM32F1xx_HAL_Driver/Src/stm32f1xx_hal_rcc.o
 .debug_line    0x00009884     0x1c78 ./Drivers/STM32F1xx_HAL_Driver/Src/stm32f1xx_hal_spi.o
 .debug_line    0x0000b4fc     0x34d0 ./Drivers/STM32F1xx_HAL_Driver/Src/stm32f1xx_hal_tim.o
 .debug_line    0x0000e9cc     0x1925 ./Drivers/STM32F1xx_HAL_Driver/Src/stm32f1xx_hal_tim_ex.o

.debug_str      0x00000000    0x8bd8c
 .debug_str     0x00000000    0x87aef ./Core/Src/lcd1602_i2c_lib.o
                              0x87ef3 (size before relaxing)
 .debug_str     0x00087aef      0xf86 ./Core/Src/main.o
                              0x88d4a (size before relaxing)
 .debug_str     0x00088a75      0x38e ./Core/Src/stm32f1xx_hal_msp.o
                              0x85448 (size before relaxing)
 .debug_str     0x00088e03       0xdc ./Core/Src/stm32f1xx_it.o
                              0x84c30 (size before relaxing)
 .debug_str     0x00088edf       0x7e ./Core/Src/system_stm32f1xx.o
                              0x84752 (size before relaxing)
 .debug_str     0x00088f5d       0x44 ./Core/Startup/startup_stm32f103c8tx.o
                                 0x74 (size before relaxing)
 .debug_str     0x00088fa1      0x37a ./Drivers/STM32F1xx_HAL_Driver/Src/stm32f1xx_hal.o
                              0x84e85 (size before relaxing)
 .debug_str     0x0008931b      0x26c ./Drivers/STM32F1xx_HAL_Driver/Src/stm32f1xx_hal_cortex.o
                              0x84dd1 (size before relaxing)
 .debug_str     0x00089587      0x2e6 ./Drivers/STM32F1xx_HAL_Driver/Src/stm32f1xx_hal_gpio.o
                              0x84ad8 (size before relaxing)
 .debug_str     0x0008986d      0xbbd ./Drivers/STM32F1xx_HAL_Driver/Src/stm32f1xx_hal_i2c.o
                              0x85819 (size before relaxing)
 .debug_str     0x0008a42a      0x209 ./Drivers/STM32F1xx_HAL_Driver/Src/stm32f1xx_hal_rcc.o
                              0x84b81 (size before relaxing)
 .debug_str     0x0008a633      0x51e ./Drivers/STM32F1xx_HAL_Driver/Src/stm32f1xx_hal_spi.o
                              0x8507e (size before relaxing)
 .debug_str     0x0008ab51      0xda8 ./Drivers/STM32F1xx_HAL_Driver/Src/stm32f1xx_hal_tim.o
                              0x85b73 (size before relaxing)
 .debug_str     0x0008b8f9      0x493 ./Drivers/STM32F1xx_HAL_Driver/Src/stm32f1xx_hal_tim_ex.o
                              0x8538f (size before relaxing)

.comment        0x00000000       0x43
 .comment       0x00000000       0x43 ./Core/Src/lcd1602_i2c_lib.o
                                 0x44 (size before relaxing)
 .comment       0x00000043       0x44 ./Core/Src/main.o
 .comment       0x00000043       0x44 ./Core/Src/stm32f1xx_hal_msp.o
 .comment       0x00000043       0x44 ./Core/Src/stm32f1xx_it.o
 .comment       0x00000043       0x44 ./Core/Src/system_stm32f1xx.o
 .comment       0x00000043       0x44 ./Drivers/STM32F1xx_HAL_Driver/Src/stm32f1xx_hal.o
 .comment       0x00000043       0x44 ./Drivers/STM32F1xx_HAL_Driver/Src/stm32f1xx_hal_cortex.o
 .comment       0x00000043       0x44 ./Drivers/STM32F1xx_HAL_Driver/Src/stm32f1xx_hal_gpio.o
 .comment       0x00000043       0x44 ./Drivers/STM32F1xx_HAL_Driver/Src/stm32f1xx_hal_i2c.o
 .comment       0x00000043       0x44 ./Drivers/STM32F1xx_HAL_Driver/Src/stm32f1xx_hal_rcc.o
 .comment       0x00000043       0x44 ./Drivers/STM32F1xx_HAL_Driver/Src/stm32f1xx_hal_spi.o
 .comment       0x00000043       0x44 ./Drivers/STM32F1xx_HAL_Driver/Src/stm32f1xx_hal_tim.o
 .comment       0x00000043       0x44 ./Drivers/STM32F1xx_HAL_Driver/Src/stm32f1xx_hal_tim_ex.o

.debug_frame    0x00000000     0x3de0
 .debug_frame   0x00000000      0x228 ./Core/Src/lcd1602_i2c_lib.o
 .debug_frame   0x00000228      0x188 ./Core/Src/main.o
 .debug_frame   0x000003b0      0x110 ./Core/Src/stm32f1xx_hal_msp.o
 .debug_frame   0x000004c0      0x120 ./Core/Src/stm32f1xx_it.o
 .debug_frame   0x000005e0       0x58 ./Core/Src/system_stm32f1xx.o
 .debug_frame   0x00000638      0x334 ./Drivers/STM32F1xx_HAL_Driver/Src/stm32f1xx_hal.o
 .debug_frame   0x0000096c      0x428 ./Drivers/STM32F1xx_HAL_Driver/Src/stm32f1xx_hal_cortex.o
 .debug_frame   0x00000d94      0x14c ./Drivers/STM32F1xx_HAL_Driver/Src/stm32f1xx_hal_gpio.o
 .debug_frame   0x00000ee0      0xc84 ./Drivers/STM32F1xx_HAL_Driver/Src/stm32f1xx_hal_i2c.o
 .debug_frame   0x00001b64      0x218 ./Drivers/STM32F1xx_HAL_Driver/Src/stm32f1xx_hal_rcc.o
 .debug_frame   0x00001d7c      0x824 ./Drivers/STM32F1xx_HAL_Driver/Src/stm32f1xx_hal_spi.o
 .debug_frame   0x000025a0     0x11bc ./Drivers/STM32F1xx_HAL_Driver/Src/stm32f1xx_hal_tim.o
 .debug_frame   0x0000375c      0x638 ./Drivers/STM32F1xx_HAL_Driver/Src/stm32f1xx_hal_tim_ex.o
 .debug_frame   0x00003d94       0x20 C:/ST/STM32CubeIDE_1.15.0/STM32CubeIDE/plugins/com.st.stm32cube.ide.mcu.externaltools.gnu-tools-for-stm32.12.3.rel1.win32_1.0.100.202403111256/tools/bin/../lib/gcc/arm-none-eabi/12.3.1/../../../../arm-none-eabi/lib/thumb/v7-m/nofp\libc_nano.a(libc_a-memset.o)
 .debug_frame   0x00003db4       0x2c C:/ST/STM32CubeIDE_1.15.0/STM32CubeIDE/plugins/com.st.stm32cube.ide.mcu.externaltools.gnu-tools-for-stm32.12.3.rel1.win32_1.0.100.202403111256/tools/bin/../lib/gcc/arm-none-eabi/12.3.1/../../../../arm-none-eabi/lib/thumb/v7-m/nofp\libc_nano.a(libc_a-init.o)

.debug_line_str
                0x00000000       0x58
 .debug_line_str
                0x00000000       0x58 ./Core/Startup/startup_stm32f103c8tx.o
