../Drivers/CMSIS/Include/core_cm3.h:1876:26:ITM_SendChar	16	static,ignoring_inline_asm
../Core/Src/main.c:69:9:symbol_transform	24	static
../Core/Src/main.c:106:5:_write	32	static
../Core/Src/main.c:114:6:HAL_TIM_PeriodElapsedCallback	16	static
../Core/Src/main.c:130:5:main	16	static
../Core/Src/main.c:197:6:SystemClock_Config	72	static
../Core/Src/main.c:233:13:MX_I2C1_Init	8	static
../Core/Src/main.c:265:13:MX_SPI1_Init	8	static
../Core/Src/main.c:301:13:MX_TIM1_Init	32	static
../Core/Src/main.c:343:13:MX_GPIO_Init	40	static
../Core/Src/main.c:386:6:Error_Handler	4	static,ignoring_inline_asm
